// Jest Snapshot v1, https://goo.gl/fbAQLP

exports[`<SelectSize /> Sub-Component Snapshot test should render correctly in "debug" mode 1`] = `ShallowWrapper {}`;
